// Jest Snapshot v1, https://goo.gl/fbAQLP

exports[`PasswordInput renders correctly 1`] = `
<label
  class="form-field text-input password-input text-input--standard text-input--normal"
  for="test"
>
  <!---->
   
  <div
    class="field-container field-container--standard field-container--normal"
  >
    <!---->
     
    <!---->
     
    <input
      class="text-input__field"
      id="test"
      maxlength="128"
      minlength="8"
      name="password"
      type="password"
      value=""
    />
     
    <!---->
     
    <!---->
     
    <button
      class="password-input__toggle icon-button icon-button--secondary icon-button--small icon-button--flat"
      title="Show password"
    >
      <svg
        class="base-icon icon-button__icon base-icon--custom"
      />
      <span
        class="icon-button__title"
      >
        Show password
      </span>
    </button>
     
    <!---->
  </div>
   
  <!---->
</label>
`;
